[2026-07-12T02:26:39+00:00] REAL: dispositivo Aquila, status ONLINE
[2026-07-12T02:26:40+00:00] FAILED aquila_IV_s1234_tt0p5_a00
Traceback (most recent call last):
  File "/home/ec2-user/amazon-braket-examples/examples/analog_hamiltonian_simulation/submit_aquila.py", line 91, in <module>
    task = device.run(prog_d, shots=hw.NSHOTS, experimental_capabilities="ALL")
  File "/home/ec2-user/anaconda3/envs/JupyterSystemEnv/lib/python3.10/site-packages/braket/aws/aws_device.py", line 210, in run
    return AwsQuantumTask.create(
  File "/home/ec2-user/anaconda3/envs/JupyterSystemEnv/lib/python3.10/site-packages/braket/aws/aws_quantum_task.py", line 227, in create
    return _create_internal(
  File "/home/ec2-user/anaconda3/envs/JupyterSystemEnv/lib/python3.10/functools.py", line 889, in wrapper
    return dispatch(args[0].__class__)(*args, **kw)
  File "/home/ec2-user/anaconda3/envs/JupyterSystemEnv/lib/python3.10/site-packages/braket/aws/aws_quantum_task.py", line 837, in _
    task_arn = aws_session.create_quantum_task(**create_task_kwargs)
  File "/home/ec2-user/anaconda3/envs/JupyterSystemEnv/lib/python3.10/site-packages/braket/aws/aws_session.py", line 273, in create_quantum_task
    response = self.braket_client.create_quantum_task(**boto3_kwargs)
  File "/home/ec2-user/anaconda3/envs/JupyterSystemEnv/lib/python3.10/site-packages/botocore/client.py", line 606, in _api_call
    return self._make_api_call(operation_name, kwargs)
  File "/home/ec2-user/anaconda3/envs/JupyterSystemEnv/lib/python3.10/site-packages/botocore/context.py", line 123, in wrapper
    return func(*args, **kwargs)
  File "/home/ec2-user/anaconda3/envs/JupyterSystemEnv/lib/python3.10/site-packages/botocore/client.py", line 1094, in _make_api_call
    raise error_class(parsed_response, operation_name)
botocore.errorfactory.AccessDeniedException: An error occurred (AccessDeniedException) when calling the CreateQuantumTask operation: User agreement has not been accepted for <AWS-ACCOUNT-ID>. Please visit https://us-east-1.console.aws.amazon.com/braket/home?region=us-east-1#/permissions?tab=general to accept the user agreement.

[2026-07-12T02:26:40+00:00] FAILED aquila_IV_s1234_tt0p5_a01
Traceback (most recent call last):
  File "/home/ec2-user/amazon-braket-examples/examples/analog_hamiltonian_simulation/submit_aquila.py", line 91, in <module>
    task = device.run(prog_d, shots=hw.NSHOTS, experimental_capabilities="ALL")
  File "/home/ec2-user/anaconda3/envs/JupyterSystemEnv/lib/python3.10/site-packages/braket/aws/aws_device.py", line 210, in run
    return AwsQuantumTask.create(
  File "/home/ec2-user/anaconda3/envs/JupyterSystemEnv/lib/python3.10/site-packages/braket/aws/aws_quantum_task.py", line 227, in create
    return _create_internal(
  File "/home/ec2-user/anaconda3/envs/JupyterSystemEnv/lib/python3.10/functools.py", line 889, in wrapper
    return dispatch(args[0].__class__)(*args, **kw)
  File "/home/ec2-user/anaconda3/envs/JupyterSystemEnv/lib/python3.10/site-packages/braket/aws/aws_quantum_task.py", line 837, in _
    task_arn = aws_session.create_quantum_task(**create_task_kwargs)
  File "/home/ec2-user/anaconda3/envs/JupyterSystemEnv/lib/python3.10/site-packages/braket/aws/aws_session.py", line 273, in create_quantum_task
    response = self.braket_client.create_quantum_task(**boto3_kwargs)
  File "/home/ec2-user/anaconda3/envs/JupyterSystemEnv/lib/python3.10/site-packages/botocore/client.py", line 606, in _api_call
    return self._make_api_call(operation_name, kwargs)
  File "/home/ec2-user/anaconda3/envs/JupyterSystemEnv/lib/python3.10/site-packages/botocore/context.py", line 123, in wrapper
    return func(*args, **kwargs)
  File "/home/ec2-user/anaconda3/envs/JupyterSystemEnv/lib/python3.10/site-packages/botocore/client.py", line 1094, in _make_api_call
    raise error_class(parsed_response, operation_name)
botocore.errorfactory.AccessDeniedException: An error occurred (AccessDeniedException) when calling the CreateQuantumTask operation: User agreement has not been accepted for <AWS-ACCOUNT-ID>. Please visit https://us-east-1.console.aws.amazon.com/braket/home?region=us-east-1#/permissions?tab=general to accept the user agreement.

[2026-07-12T02:26:40+00:00] FAILED aquila_IV_s1234_tt0p5_a02
Traceback (most recent call last):
  File "/home/ec2-user/amazon-braket-examples/examples/analog_hamiltonian_simulation/submit_aquila.py", line 91, in <module>
    task = device.run(prog_d, shots=hw.NSHOTS, experimental_capabilities="ALL")
  File "/home/ec2-user/anaconda3/envs/JupyterSystemEnv/lib/python3.10/site-packages/braket/aws/aws_device.py", line 210, in run
    return AwsQuantumTask.create(
  File "/home/ec2-user/anaconda3/envs/JupyterSystemEnv/lib/python3.10/site-packages/braket/aws/aws_quantum_task.py", line 227, in create
    return _create_internal(
  File "/home/ec2-user/anaconda3/envs/JupyterSystemEnv/lib/python3.10/functools.py", line 889, in wrapper
    return dispatch(args[0].__class__)(*args, **kw)
  File "/home/ec2-user/anaconda3/envs/JupyterSystemEnv/lib/python3.10/site-packages/braket/aws/aws_quantum_task.py", line 837, in _
    task_arn = aws_session.create_quantum_task(**create_task_kwargs)
  File "/home/ec2-user/anaconda3/envs/JupyterSystemEnv/lib/python3.10/site-packages/braket/aws/aws_session.py", line 273, in create_quantum_task
    response = self.braket_client.create_quantum_task(**boto3_kwargs)
  File "/home/ec2-user/anaconda3/envs/JupyterSystemEnv/lib/python3.10/site-packages/botocore/client.py", line 606, in _api_call
    return self._make_api_call(operation_name, kwargs)
  File "/home/ec2-user/anaconda3/envs/JupyterSystemEnv/lib/python3.10/site-packages/botocore/context.py", line 123, in wrapper
    return func(*args, **kwargs)
  File "/home/ec2-user/anaconda3/envs/JupyterSystemEnv/lib/python3.10/site-packages/botocore/client.py", line 1094, in _make_api_call
    raise error_class(parsed_response, operation_name)
botocore.errorfactory.AccessDeniedException: An error occurred (AccessDeniedException) when calling the CreateQuantumTask operation: User agreement has not been accepted for <AWS-ACCOUNT-ID>. Please visit https://us-east-1.console.aws.amazon.com/braket/home?region=us-east-1#/permissions?tab=general to accept the user agreement.

[2026-07-12T02:26:40+00:00] ABORT: 3 fallos consecutivos sin ningún envío exitoso — probable rechazo de validación del dispositivo. Revisar el error, ajustar lo mínimo requerido (contingencia), y relanzar (reanuda).
[2026-07-12T02:36:58+00:00] REAL: dispositivo Aquila, status ONLINE
[2026-07-12T02:36:59+00:00] FAILED aquila_IV_s1234_tt0p5_a00
Traceback (most recent call last):
  File "/home/ec2-user/amazon-braket-examples/examples/analog_hamiltonian_simulation/submit_aquila.py", line 91, in <module>
    task = device.run(prog_d, shots=hw.NSHOTS, experimental_capabilities="ALL")
  File "/home/ec2-user/anaconda3/envs/JupyterSystemEnv/lib/python3.10/site-packages/braket/aws/aws_device.py", line 210, in run
    return AwsQuantumTask.create(
  File "/home/ec2-user/anaconda3/envs/JupyterSystemEnv/lib/python3.10/site-packages/braket/aws/aws_quantum_task.py", line 227, in create
    return _create_internal(
  File "/home/ec2-user/anaconda3/envs/JupyterSystemEnv/lib/python3.10/functools.py", line 889, in wrapper
    return dispatch(args[0].__class__)(*args, **kw)
  File "/home/ec2-user/anaconda3/envs/JupyterSystemEnv/lib/python3.10/site-packages/braket/aws/aws_quantum_task.py", line 837, in _
    task_arn = aws_session.create_quantum_task(**create_task_kwargs)
  File "/home/ec2-user/anaconda3/envs/JupyterSystemEnv/lib/python3.10/site-packages/braket/aws/aws_session.py", line 273, in create_quantum_task
    response = self.braket_client.create_quantum_task(**boto3_kwargs)
  File "/home/ec2-user/anaconda3/envs/JupyterSystemEnv/lib/python3.10/site-packages/botocore/client.py", line 606, in _api_call
    return self._make_api_call(operation_name, kwargs)
  File "/home/ec2-user/anaconda3/envs/JupyterSystemEnv/lib/python3.10/site-packages/botocore/context.py", line 123, in wrapper
    return func(*args, **kwargs)
  File "/home/ec2-user/anaconda3/envs/JupyterSystemEnv/lib/python3.10/site-packages/botocore/client.py", line 1094, in _make_api_call
    raise error_class(parsed_response, operation_name)
botocore.errorfactory.AccessDeniedException: An error occurred (AccessDeniedException) when calling the CreateQuantumTask operation: AWSServiceRoleForAmazonBraket role doesn't exist. Please visit https://console.aws.amazon.com/braket/home?#/permissions?tab=executionRoles to create AWSServiceRoleForAmazonBraket role.

[2026-07-12T02:36:59+00:00] FAILED aquila_IV_s1234_tt0p5_a01
Traceback (most recent call last):
  File "/home/ec2-user/amazon-braket-examples/examples/analog_hamiltonian_simulation/submit_aquila.py", line 91, in <module>
    task = device.run(prog_d, shots=hw.NSHOTS, experimental_capabilities="ALL")
  File "/home/ec2-user/anaconda3/envs/JupyterSystemEnv/lib/python3.10/site-packages/braket/aws/aws_device.py", line 210, in run
    return AwsQuantumTask.create(
  File "/home/ec2-user/anaconda3/envs/JupyterSystemEnv/lib/python3.10/site-packages/braket/aws/aws_quantum_task.py", line 227, in create
    return _create_internal(
  File "/home/ec2-user/anaconda3/envs/JupyterSystemEnv/lib/python3.10/functools.py", line 889, in wrapper
    return dispatch(args[0].__class__)(*args, **kw)
  File "/home/ec2-user/anaconda3/envs/JupyterSystemEnv/lib/python3.10/site-packages/braket/aws/aws_quantum_task.py", line 837, in _
    task_arn = aws_session.create_quantum_task(**create_task_kwargs)
  File "/home/ec2-user/anaconda3/envs/JupyterSystemEnv/lib/python3.10/site-packages/braket/aws/aws_session.py", line 273, in create_quantum_task
    response = self.braket_client.create_quantum_task(**boto3_kwargs)
  File "/home/ec2-user/anaconda3/envs/JupyterSystemEnv/lib/python3.10/site-packages/botocore/client.py", line 606, in _api_call
    return self._make_api_call(operation_name, kwargs)
  File "/home/ec2-user/anaconda3/envs/JupyterSystemEnv/lib/python3.10/site-packages/botocore/context.py", line 123, in wrapper
    return func(*args, **kwargs)
  File "/home/ec2-user/anaconda3/envs/JupyterSystemEnv/lib/python3.10/site-packages/botocore/client.py", line 1094, in _make_api_call
    raise error_class(parsed_response, operation_name)
botocore.errorfactory.AccessDeniedException: An error occurred (AccessDeniedException) when calling the CreateQuantumTask operation: AWSServiceRoleForAmazonBraket role doesn't exist. Please visit https://console.aws.amazon.com/braket/home?#/permissions?tab=executionRoles to create AWSServiceRoleForAmazonBraket role.

[2026-07-12T02:37:00+00:00] FAILED aquila_IV_s1234_tt0p5_a02
Traceback (most recent call last):
  File "/home/ec2-user/amazon-braket-examples/examples/analog_hamiltonian_simulation/submit_aquila.py", line 91, in <module>
    task = device.run(prog_d, shots=hw.NSHOTS, experimental_capabilities="ALL")
  File "/home/ec2-user/anaconda3/envs/JupyterSystemEnv/lib/python3.10/site-packages/braket/aws/aws_device.py", line 210, in run
    return AwsQuantumTask.create(
  File "/home/ec2-user/anaconda3/envs/JupyterSystemEnv/lib/python3.10/site-packages/braket/aws/aws_quantum_task.py", line 227, in create
    return _create_internal(
  File "/home/ec2-user/anaconda3/envs/JupyterSystemEnv/lib/python3.10/functools.py", line 889, in wrapper
    return dispatch(args[0].__class__)(*args, **kw)
  File "/home/ec2-user/anaconda3/envs/JupyterSystemEnv/lib/python3.10/site-packages/braket/aws/aws_quantum_task.py", line 837, in _
    task_arn = aws_session.create_quantum_task(**create_task_kwargs)
  File "/home/ec2-user/anaconda3/envs/JupyterSystemEnv/lib/python3.10/site-packages/braket/aws/aws_session.py", line 273, in create_quantum_task
    response = self.braket_client.create_quantum_task(**boto3_kwargs)
  File "/home/ec2-user/anaconda3/envs/JupyterSystemEnv/lib/python3.10/site-packages/botocore/client.py", line 606, in _api_call
    return self._make_api_call(operation_name, kwargs)
  File "/home/ec2-user/anaconda3/envs/JupyterSystemEnv/lib/python3.10/site-packages/botocore/context.py", line 123, in wrapper
    return func(*args, **kwargs)
  File "/home/ec2-user/anaconda3/envs/JupyterSystemEnv/lib/python3.10/site-packages/botocore/client.py", line 1094, in _make_api_call
    raise error_class(parsed_response, operation_name)
botocore.errorfactory.AccessDeniedException: An error occurred (AccessDeniedException) when calling the CreateQuantumTask operation: AWSServiceRoleForAmazonBraket role doesn't exist. Please visit https://console.aws.amazon.com/braket/home?#/permissions?tab=executionRoles to create AWSServiceRoleForAmazonBraket role.

[2026-07-12T02:37:00+00:00] ABORT: 3 fallos consecutivos sin ningún envío exitoso — probable rechazo de validación del dispositivo. Revisar el error, ajustar lo mínimo requerido (contingencia), y relanzar (reanuda).
[2026-07-12T02:51:28+00:00] REAL: dispositivo Aquila, status ONLINE
[2026-07-12T02:51:29+00:00] SUBMITTED aquila_IV_s1234_tt0p5_a00 -> arn:aws:braket:us-east-1:<AWS-ACCOUNT-ID>:quantum-task/c0f95bfa-a675-44b6-97bc-e363c05e3460
[2026-07-12T02:51:30+00:00] SUBMITTED aquila_IV_s1234_tt0p5_a01 -> arn:aws:braket:us-east-1:<AWS-ACCOUNT-ID>:quantum-task/b7687f8e-79e5-4739-aa4a-796cb3ae5e4e
[2026-07-12T02:51:30+00:00] SUBMITTED aquila_IV_s1234_tt0p5_a02 -> arn:aws:braket:us-east-1:<AWS-ACCOUNT-ID>:quantum-task/cb63fbcd-ecdb-4ea5-867b-4c03251ce90f
[2026-07-12T02:51:30+00:00] SUBMITTED aquila_IV_s1234_tt0p5_a03 -> arn:aws:braket:us-east-1:<AWS-ACCOUNT-ID>:quantum-task/10fe7b32-04a8-4432-a1d1-2c6e179e5102
[2026-07-12T02:51:30+00:00] SUBMITTED aquila_IV_s1234_tt0p5_a04 -> arn:aws:braket:us-east-1:<AWS-ACCOUNT-ID>:quantum-task/f4503482-f140-406d-8f4c-486d94325258
[2026-07-12T02:51:31+00:00] SUBMITTED aquila_IV_s1234_tt0p5_a05 -> arn:aws:braket:us-east-1:<AWS-ACCOUNT-ID>:quantum-task/784a568a-32e1-4267-ab7b-410e51a1efc5
[2026-07-12T02:51:31+00:00] SUBMITTED aquila_IV_s1234_tt0p5_a06 -> arn:aws:braket:us-east-1:<AWS-ACCOUNT-ID>:quantum-task/8988f684-57ba-40fc-aaeb-f79d9c9845ed
[2026-07-12T02:51:31+00:00] SUBMITTED aquila_IV_s1234_tt0p5_a07 -> arn:aws:braket:us-east-1:<AWS-ACCOUNT-ID>:quantum-task/d5ea61f6-81bc-4605-ae95-d605589486d5
[2026-07-12T02:51:31+00:00] SUBMITTED aquila_IV_s1234_tt0p5_a08 -> arn:aws:braket:us-east-1:<AWS-ACCOUNT-ID>:quantum-task/c6d30e52-ac00-43c4-859b-83358dcfda0c
[2026-07-12T02:51:31+00:00] SUBMITTED aquila_IV_s1234_tt0p5_a09 -> arn:aws:braket:us-east-1:<AWS-ACCOUNT-ID>:quantum-task/071f7d6f-f8f2-4be7-a7d9-16bc9dce3ca4
[2026-07-12T02:51:32+00:00] SUBMITTED aquila_IV_s1234_tt0p5_a10 -> arn:aws:braket:us-east-1:<AWS-ACCOUNT-ID>:quantum-task/07e96c12-997e-4d6c-a136-cf9530221c4b
[2026-07-12T02:51:32+00:00] SUBMITTED aquila_IV_s1234_tt0p5_a11 -> arn:aws:braket:us-east-1:<AWS-ACCOUNT-ID>:quantum-task/8cd39588-12f6-45e2-9712-6ce8506b88cb
[2026-07-12T02:51:32+00:00] SUBMITTED aquila_IV_s1234_tt0p5_a12 -> arn:aws:braket:us-east-1:<AWS-ACCOUNT-ID>:quantum-task/026330f8-b724-4eb3-85aa-51ec2816b10d
[2026-07-12T02:51:32+00:00] SUBMITTED aquila_IV_s1234_tt0p5_a13 -> arn:aws:braket:us-east-1:<AWS-ACCOUNT-ID>:quantum-task/441b5904-6f6b-49e0-bf18-16593988685f
[2026-07-12T02:51:32+00:00] SUBMITTED aquila_IV_s1234_tt0p5_a14 -> arn:aws:braket:us-east-1:<AWS-ACCOUNT-ID>:quantum-task/fc07b48a-3f8f-4ca1-bede-aafbdbb1fa71
[2026-07-12T02:51:33+00:00] SUBMITTED aquila_IV_s1234_tt0p5_a15 -> arn:aws:braket:us-east-1:<AWS-ACCOUNT-ID>:quantum-task/1ce34b0d-f459-44b4-8926-c976705d39d0
[2026-07-12T02:51:33+00:00] SUBMITTED aquila_IV_s1234_tt0p5_a16 -> arn:aws:braket:us-east-1:<AWS-ACCOUNT-ID>:quantum-task/52e07315-c838-4a92-b697-598ce27c1ade
[2026-07-12T02:51:33+00:00] SUBMITTED aquila_IV_s1234_tt0p5_a17 -> arn:aws:braket:us-east-1:<AWS-ACCOUNT-ID>:quantum-task/3b1ddbc9-c0e1-482d-9e50-9602af11f347
[2026-07-12T02:51:33+00:00] SUBMITTED aquila_IV_s1234_tt0p5_a18 -> arn:aws:braket:us-east-1:<AWS-ACCOUNT-ID>:quantum-task/4371027c-443e-47ed-9807-9291f60f9e27
[2026-07-12T02:51:34+00:00] SUBMITTED aquila_IV_s1234_tt0p5_a19 -> arn:aws:braket:us-east-1:<AWS-ACCOUNT-ID>:quantum-task/e32c8d74-f1a1-40ff-9e9a-55250e9d671f
[2026-07-12T02:51:34+00:00] SUBMITTED aquila_IV_s1234_tt0p5_a20 -> arn:aws:braket:us-east-1:<AWS-ACCOUNT-ID>:quantum-task/85b12c92-3973-445e-8066-23d0537dc078
[2026-07-12T02:51:34+00:00] SUBMITTED aquila_IV_s1234_tt0p5_a21 -> arn:aws:braket:us-east-1:<AWS-ACCOUNT-ID>:quantum-task/af0fcd53-ed6e-4ef9-9d34-b7f9b159de0b
[2026-07-12T02:51:34+00:00] SUBMITTED aquila_IV_s1234_tt0p5_a22 -> arn:aws:braket:us-east-1:<AWS-ACCOUNT-ID>:quantum-task/fbfbe5df-7ab1-48d9-bf05-c4bd71e7b1bb
[2026-07-12T02:51:34+00:00] SUBMITTED aquila_IV_s1234_tt0p5_a23 -> arn:aws:braket:us-east-1:<AWS-ACCOUNT-ID>:quantum-task/72590ddc-e816-4932-bbd6-df731f39b3ab
[2026-07-12T02:51:35+00:00] SUBMITTED aquila_IV_s1234_tt0p5_a24 -> arn:aws:braket:us-east-1:<AWS-ACCOUNT-ID>:quantum-task/74233e8f-0d66-4bac-bcd1-fad58f4038a6
[2026-07-12T02:51:35+00:00] SUBMITTED aquila_IV_s1234_tt0p5_a25 -> arn:aws:braket:us-east-1:<AWS-ACCOUNT-ID>:quantum-task/bf1dbb8f-558e-43a3-bf3f-f3ef10c6c0de
[2026-07-12T02:51:35+00:00] SUBMITTED aquila_IV_s1234_tt0p5_a26 -> arn:aws:braket:us-east-1:<AWS-ACCOUNT-ID>:quantum-task/aee1b61a-191a-409f-8cee-3f5aa610a235
[2026-07-12T02:51:35+00:00] SUBMITTED aquila_IV_s1234_tt0p5_a27 -> arn:aws:braket:us-east-1:<AWS-ACCOUNT-ID>:quantum-task/b348f7f8-e335-4f11-ad96-fcc0f6b7b1f7
[2026-07-12T02:51:36+00:00] SUBMITTED aquila_IV_s1234_tt0p5_a28 -> arn:aws:braket:us-east-1:<AWS-ACCOUNT-ID>:quantum-task/86c3dcb3-5880-4184-9028-7862e6b63704
[2026-07-12T02:51:36+00:00] SUBMITTED aquila_IV_s1234_tt0p5_a29 -> arn:aws:braket:us-east-1:<AWS-ACCOUNT-ID>:quantum-task/b3b9813e-ad24-4574-b366-b98fed4fdfaa
[2026-07-12T02:51:36+00:00] SUBMITTED aquila_IV_s1234_tt0p5_a30 -> arn:aws:braket:us-east-1:<AWS-ACCOUNT-ID>:quantum-task/cab6dba0-7708-47b5-acf7-1adf68af8ff0
[2026-07-12T02:51:36+00:00] SUBMITTED aquila_IV_s1234_tt0p5_a31 -> arn:aws:braket:us-east-1:<AWS-ACCOUNT-ID>:quantum-task/368aad44-3ab9-435b-852b-0bc063f16fda
[2026-07-12T02:51:37+00:00] SUBMITTED aquila_IV_s1234_tt0p5_a32 -> arn:aws:braket:us-east-1:<AWS-ACCOUNT-ID>:quantum-task/a78313b8-2a84-438e-b780-da84f85ffefc
[2026-07-12T02:51:37+00:00] SUBMITTED aquila_IV_s1234_tt0p5_a33 -> arn:aws:braket:us-east-1:<AWS-ACCOUNT-ID>:quantum-task/93166992-773f-4c83-a3b7-6405981f1437
[2026-07-12T02:51:37+00:00] SUBMITTED aquila_IV_s1234_tt0p5_a34 -> arn:aws:braket:us-east-1:<AWS-ACCOUNT-ID>:quantum-task/5dc412bf-7aa7-400b-89cd-912a60d83a89
[2026-07-12T02:51:37+00:00] SUBMITTED aquila_IV_s1234_tt0p5_a35 -> arn:aws:braket:us-east-1:<AWS-ACCOUNT-ID>:quantum-task/fb5d42f6-88b4-4c8e-9410-56bda4ac30e2
[2026-07-12T02:51:38+00:00] SUBMITTED aquila_IV_s1234_tt0p5_a36 -> arn:aws:braket:us-east-1:<AWS-ACCOUNT-ID>:quantum-task/382e71e2-5aba-47e5-a745-992394e29300
[2026-07-12T02:51:38+00:00] SUBMITTED aquila_IV_s1234_tt0p5_a37 -> arn:aws:braket:us-east-1:<AWS-ACCOUNT-ID>:quantum-task/7a8dc450-9b34-48c8-bc79-1ba4ffbb8a5c
[2026-07-12T02:51:38+00:00] SUBMITTED aquila_IV_s1234_tt0p5_a38 -> arn:aws:braket:us-east-1:<AWS-ACCOUNT-ID>:quantum-task/ac69f366-2352-4c3c-8442-10b6827ce68d
[2026-07-12T02:51:38+00:00] SUBMITTED aquila_IV_s1234_tt0p5_a39 -> arn:aws:braket:us-east-1:<AWS-ACCOUNT-ID>:quantum-task/0ce3bfa6-e8b8-4842-8815-2e26f30a4d32
[2026-07-12T02:51:38+00:00] SUBMITTED aquila_IV_s1234_tt0p5_a40 -> arn:aws:braket:us-east-1:<AWS-ACCOUNT-ID>:quantum-task/c3f75e99-d781-4945-b407-b1cfb6ccf098
[2026-07-12T02:51:39+00:00] SUBMITTED aquila_IV_s1234_tt0p5_a41 -> arn:aws:braket:us-east-1:<AWS-ACCOUNT-ID>:quantum-task/79ca8dc1-b5d7-4b54-8161-5a366ece584f
[2026-07-12T02:51:39+00:00] SUBMITTED aquila_IV_s1234_tt0p5_a42 -> arn:aws:braket:us-east-1:<AWS-ACCOUNT-ID>:quantum-task/8fc3ce89-5774-4780-9481-46365389f600
[2026-07-12T02:51:39+00:00] SUBMITTED aquila_IV_s1234_tt0p5_a43 -> arn:aws:braket:us-east-1:<AWS-ACCOUNT-ID>:quantum-task/b8389b4e-24d1-494c-8198-934c101adace
[2026-07-12T02:51:39+00:00] SUBMITTED aquila_IV_s1234_tt0p5_a44 -> arn:aws:braket:us-east-1:<AWS-ACCOUNT-ID>:quantum-task/b05b7044-ff6d-4a8c-a4f0-7473788150ea
[2026-07-12T02:51:40+00:00] SUBMITTED aquila_IV_s1234_tt0p5_a45 -> arn:aws:braket:us-east-1:<AWS-ACCOUNT-ID>:quantum-task/72ec0c85-04d2-4920-88cf-2f3aa5cbace4
[2026-07-12T02:51:40+00:00] SUBMITTED aquila_IV_s1234_tt0p5_a46 -> arn:aws:braket:us-east-1:<AWS-ACCOUNT-ID>:quantum-task/8ef0f25b-07f5-4b74-a521-eaf293e61fcb
[2026-07-12T02:51:40+00:00] SUBMITTED aquila_IV_s1234_tt0p5_a47 -> arn:aws:braket:us-east-1:<AWS-ACCOUNT-ID>:quantum-task/2d05a251-3557-4d4f-b245-d2520e6a4f7d
[2026-07-12T02:51:40+00:00] SUBMITTED aquila_IV_s1234_tt0p5_a48 -> arn:aws:braket:us-east-1:<AWS-ACCOUNT-ID>:quantum-task/32ffd5df-7dff-4611-9e19-f7a104b0c2c8
[2026-07-12T02:51:40+00:00] SUBMITTED aquila_IV_s1234_tt0p5_a49 -> arn:aws:braket:us-east-1:<AWS-ACCOUNT-ID>:quantum-task/cd5176b5-57a5-491b-8e45-16b41f649637
[2026-07-12T02:51:41+00:00] SUBMITTED aquila_IV_s1234_tt0p5_a50 -> arn:aws:braket:us-east-1:<AWS-ACCOUNT-ID>:quantum-task/59f9e758-f951-46d9-97bf-63eab345c6ef
[2026-07-12T02:51:41+00:00] SUBMITTED aquila_IV_s1234_tt0p5_a51 -> arn:aws:braket:us-east-1:<AWS-ACCOUNT-ID>:quantum-task/7f5ec205-2b57-4eac-b8b7-89d9a8b2fb8e
[2026-07-12T02:51:41+00:00] SUBMITTED aquila_IV_s1234_tt0p5_a52 -> arn:aws:braket:us-east-1:<AWS-ACCOUNT-ID>:quantum-task/91b36029-32c5-446e-95f6-0d1e10694c05
[2026-07-12T02:51:41+00:00] SUBMITTED aquila_IV_s1234_tt0p5_a53 -> arn:aws:braket:us-east-1:<AWS-ACCOUNT-ID>:quantum-task/eb1b904a-d4a8-4d78-ad67-5be9864ab64b
[2026-07-12T02:51:41+00:00] SUBMITTED aquila_IV_s1234_tt0p5_a54 -> arn:aws:braket:us-east-1:<AWS-ACCOUNT-ID>:quantum-task/e31b4842-f078-48f5-a69f-51a84d89041d
[2026-07-12T02:51:42+00:00] SUBMITTED aquila_IV_s1234_tt0p5_a55 -> arn:aws:braket:us-east-1:<AWS-ACCOUNT-ID>:quantum-task/6f334bc9-b38f-492a-940b-5256ec838845
[2026-07-12T02:51:42+00:00] SUBMITTED aquila_IV_s1234_tt0p5_a56 -> arn:aws:braket:us-east-1:<AWS-ACCOUNT-ID>:quantum-task/2f40befa-2820-4d75-a058-2df99f4ce7c5
[2026-07-12T02:51:42+00:00] SUBMITTED aquila_IV_s1234_tt0p5_a57 -> arn:aws:braket:us-east-1:<AWS-ACCOUNT-ID>:quantum-task/245e9722-a578-41fc-b9c8-1c13928e89ce
[2026-07-12T02:51:42+00:00] SUBMITTED aquila_IV_s1234_tt0p5_a58 -> arn:aws:braket:us-east-1:<AWS-ACCOUNT-ID>:quantum-task/5635d37a-5ffc-425d-b8a1-690a1f46a121
[2026-07-12T02:51:42+00:00] SUBMITTED aquila_IV_s1234_tt0p5_a59 -> arn:aws:braket:us-east-1:<AWS-ACCOUNT-ID>:quantum-task/4db063ca-b185-4ba8-976f-cfe38452fe5f
[2026-07-12T02:51:43+00:00] SUBMITTED aquila_IV_s1234_tt0p5_a60 -> arn:aws:braket:us-east-1:<AWS-ACCOUNT-ID>:quantum-task/7ac3d6e1-55ac-440d-90fe-2337c909357f
[2026-07-12T02:51:43+00:00] SUBMITTED aquila_IV_s1234_tt0p5_a61 -> arn:aws:braket:us-east-1:<AWS-ACCOUNT-ID>:quantum-task/e4f92253-4122-406b-87dd-91423d4dc312
[2026-07-12T02:51:43+00:00] SUBMITTED aquila_IV_s1234_tt0p5_a62 -> arn:aws:braket:us-east-1:<AWS-ACCOUNT-ID>:quantum-task/466d4080-f47a-44c5-9329-ff0d759c0f25
[2026-07-12T02:51:43+00:00] SUBMITTED aquila_IV_s1234_tt0p5_a63 -> arn:aws:braket:us-east-1:<AWS-ACCOUNT-ID>:quantum-task/d28dac1e-1551-4adb-8444-a47cb16b98a6
[2026-07-12T02:51:44+00:00] SUBMITTED aquila_IV_s1234_tt0p5_a64 -> arn:aws:braket:us-east-1:<AWS-ACCOUNT-ID>:quantum-task/721b4d30-c686-4378-9df1-5857a49cbdde
[2026-07-12T02:51:44+00:00] SUBMITTED aquila_IV_s1234_tt0p5_a65 -> arn:aws:braket:us-east-1:<AWS-ACCOUNT-ID>:quantum-task/250e1ec8-f952-4822-8638-866d3df8e117
[2026-07-12T02:51:44+00:00] SUBMITTED aquila_IV_s1234_tt0p7_a00 -> arn:aws:braket:us-east-1:<AWS-ACCOUNT-ID>:quantum-task/a1dfdb9a-3966-4747-a857-5809bb403f84
[2026-07-12T02:51:44+00:00] SUBMITTED aquila_IV_s1234_tt0p7_a01 -> arn:aws:braket:us-east-1:<AWS-ACCOUNT-ID>:quantum-task/cd9c5a85-18c9-452f-a16a-eade7ceb1e3d
[2026-07-12T02:51:45+00:00] SUBMITTED aquila_IV_s1234_tt0p7_a02 -> arn:aws:braket:us-east-1:<AWS-ACCOUNT-ID>:quantum-task/d3b02e18-32ed-42dd-b89a-ca173869853b
[2026-07-12T02:51:45+00:00] SUBMITTED aquila_IV_s1234_tt0p7_a03 -> arn:aws:braket:us-east-1:<AWS-ACCOUNT-ID>:quantum-task/aade8d13-6d4d-4d6b-94e7-e98ef8ee0db4
[2026-07-12T02:51:45+00:00] SUBMITTED aquila_IV_s1234_tt0p7_a04 -> arn:aws:braket:us-east-1:<AWS-ACCOUNT-ID>:quantum-task/20e5905e-7149-4bca-8404-439e2bedbb97
[2026-07-12T02:51:45+00:00] SUBMITTED aquila_IV_s1234_tt0p7_a05 -> arn:aws:braket:us-east-1:<AWS-ACCOUNT-ID>:quantum-task/70c0ea73-50f1-45f9-ae2d-7cfa40b523ef
[2026-07-12T02:51:45+00:00] SUBMITTED aquila_IV_s1234_tt0p7_a06 -> arn:aws:braket:us-east-1:<AWS-ACCOUNT-ID>:quantum-task/3b2c307e-d76d-4855-9a4f-521d781de998
[2026-07-12T02:51:46+00:00] SUBMITTED aquila_IV_s1234_tt0p7_a07 -> arn:aws:braket:us-east-1:<AWS-ACCOUNT-ID>:quantum-task/a363089c-a081-48b2-b3f9-4bd1b546b364
[2026-07-12T02:51:46+00:00] SUBMITTED aquila_IV_s1234_tt0p7_a08 -> arn:aws:braket:us-east-1:<AWS-ACCOUNT-ID>:quantum-task/1c0f3351-8f91-4cac-8490-dd148518e5e7
[2026-07-12T02:51:46+00:00] SUBMITTED aquila_IV_s1234_tt0p7_a09 -> arn:aws:braket:us-east-1:<AWS-ACCOUNT-ID>:quantum-task/d9de9084-4fde-478b-8289-94a2d1754ada
[2026-07-12T02:51:46+00:00] SUBMITTED aquila_IV_s1234_tt0p7_a10 -> arn:aws:braket:us-east-1:<AWS-ACCOUNT-ID>:quantum-task/0f2bff9c-69f0-4624-8aea-359454d02025
[2026-07-12T02:51:46+00:00] SUBMITTED aquila_IV_s1234_tt0p7_a11 -> arn:aws:braket:us-east-1:<AWS-ACCOUNT-ID>:quantum-task/8b6818f0-f4a9-44d4-9258-3cf20a782de0
[2026-07-12T02:51:47+00:00] SUBMITTED aquila_IV_s1234_tt0p7_a12 -> arn:aws:braket:us-east-1:<AWS-ACCOUNT-ID>:quantum-task/0a48530c-bcc3-4c88-a9a6-7db833055aaa
[2026-07-12T02:51:47+00:00] SUBMITTED aquila_IV_s1234_tt0p7_a13 -> arn:aws:braket:us-east-1:<AWS-ACCOUNT-ID>:quantum-task/7a28b65d-586c-417c-a996-d1e44a88396c
[2026-07-12T02:51:47+00:00] SUBMITTED aquila_IV_s1234_tt0p7_a14 -> arn:aws:braket:us-east-1:<AWS-ACCOUNT-ID>:quantum-task/e7822286-bbd7-49b4-b654-d9af0113f722
[2026-07-12T02:51:47+00:00] SUBMITTED aquila_IV_s1234_tt0p7_a15 -> arn:aws:braket:us-east-1:<AWS-ACCOUNT-ID>:quantum-task/dddafd72-6a90-4764-8337-c95a41869522
[2026-07-12T02:51:48+00:00] SUBMITTED aquila_IV_s1234_tt0p7_a16 -> arn:aws:braket:us-east-1:<AWS-ACCOUNT-ID>:quantum-task/aad6236f-e236-4d10-9998-101e9442b5e1
[2026-07-12T02:51:48+00:00] SUBMITTED aquila_IV_s1234_tt0p7_a17 -> arn:aws:braket:us-east-1:<AWS-ACCOUNT-ID>:quantum-task/27f4f0c9-5aee-4bd8-b6e3-e40e0d1d0fe8
[2026-07-12T02:51:48+00:00] SUBMITTED aquila_IV_s1234_tt0p7_a18 -> arn:aws:braket:us-east-1:<AWS-ACCOUNT-ID>:quantum-task/9a64460c-89f9-4c59-aac0-1c59b4fb5b71
[2026-07-12T02:51:48+00:00] SUBMITTED aquila_IV_s1234_tt0p7_a19 -> arn:aws:braket:us-east-1:<AWS-ACCOUNT-ID>:quantum-task/f8b7cf60-b8af-4152-b1a9-640b234381b3
[2026-07-12T02:51:48+00:00] SUBMITTED aquila_IV_s1234_tt0p7_a20 -> arn:aws:braket:us-east-1:<AWS-ACCOUNT-ID>:quantum-task/c7180780-a356-403e-afad-45408a2642fd
[2026-07-12T02:51:49+00:00] SUBMITTED aquila_IV_s1234_tt0p7_a21 -> arn:aws:braket:us-east-1:<AWS-ACCOUNT-ID>:quantum-task/a3c4a599-cd77-49f7-b291-beee32864972
[2026-07-12T02:51:49+00:00] SUBMITTED aquila_IV_s1234_tt0p7_a22 -> arn:aws:braket:us-east-1:<AWS-ACCOUNT-ID>:quantum-task/4a0cbcff-4242-4c5c-a476-dda7196fc22e
[2026-07-12T02:51:49+00:00] SUBMITTED aquila_IV_s1234_tt0p7_a23 -> arn:aws:braket:us-east-1:<AWS-ACCOUNT-ID>:quantum-task/b4ae6609-9dd0-4bfd-a6de-b8a26507db09
[2026-07-12T02:51:49+00:00] SUBMITTED aquila_IV_s1234_tt0p7_a24 -> arn:aws:braket:us-east-1:<AWS-ACCOUNT-ID>:quantum-task/784dd497-e4ef-4715-b26f-477d35fd3655
[2026-07-12T02:51:49+00:00] SUBMITTED aquila_IV_s1234_tt0p7_a25 -> arn:aws:braket:us-east-1:<AWS-ACCOUNT-ID>:quantum-task/f906a00d-bf33-42fe-9d72-df84cbb98801
[2026-07-12T02:51:50+00:00] SUBMITTED aquila_IV_s1234_tt0p7_a26 -> arn:aws:braket:us-east-1:<AWS-ACCOUNT-ID>:quantum-task/99256a1d-a898-4ca3-8396-b1313caf3c1e
[2026-07-12T02:51:50+00:00] SUBMITTED aquila_IV_s1234_tt0p7_a27 -> arn:aws:braket:us-east-1:<AWS-ACCOUNT-ID>:quantum-task/29280e59-a191-4b9b-989b-269785108a35
[2026-07-12T02:51:50+00:00] SUBMITTED aquila_IV_s1234_tt0p7_a28 -> arn:aws:braket:us-east-1:<AWS-ACCOUNT-ID>:quantum-task/3d191d63-adf4-41e4-b82b-2566978c9a3e
[2026-07-12T02:51:50+00:00] SUBMITTED aquila_IV_s1234_tt0p7_a29 -> arn:aws:braket:us-east-1:<AWS-ACCOUNT-ID>:quantum-task/8a0a4b6a-5ac5-49e2-a8c7-7cf11618dd19
[2026-07-12T02:51:50+00:00] SUBMITTED aquila_IV_s1234_tt0p7_a30 -> arn:aws:braket:us-east-1:<AWS-ACCOUNT-ID>:quantum-task/d4ac6013-3d65-47a4-a32f-84ce5527d79a
[2026-07-12T02:51:51+00:00] SUBMITTED aquila_IV_s1234_tt0p7_a31 -> arn:aws:braket:us-east-1:<AWS-ACCOUNT-ID>:quantum-task/c2645b73-a240-49e2-a159-d9003166a31c
[2026-07-12T02:51:51+00:00] SUBMITTED aquila_IV_s1234_tt0p7_a32 -> arn:aws:braket:us-east-1:<AWS-ACCOUNT-ID>:quantum-task/c6cc72e0-87f3-4bf7-84fb-8f41e881e301
[2026-07-12T02:51:51+00:00] SUBMITTED aquila_IV_s1234_tt0p7_a33 -> arn:aws:braket:us-east-1:<AWS-ACCOUNT-ID>:quantum-task/ce82073b-a8eb-4e62-a244-1bff58b0f299
[2026-07-12T02:51:51+00:00] SUBMITTED aquila_IV_s1234_tt0p7_a34 -> arn:aws:braket:us-east-1:<AWS-ACCOUNT-ID>:quantum-task/92af4a68-501e-436e-85c6-3934e60b9a8f
[2026-07-12T02:51:52+00:00] SUBMITTED aquila_IV_s1234_tt0p7_a35 -> arn:aws:braket:us-east-1:<AWS-ACCOUNT-ID>:quantum-task/8ea76466-2277-4f58-ae20-4ff83d671018
[2026-07-12T02:51:52+00:00] SUBMITTED aquila_IV_s1234_tt0p7_a36 -> arn:aws:braket:us-east-1:<AWS-ACCOUNT-ID>:quantum-task/a2cd32cc-9c83-4388-b0ff-b642a2ba32ec
[2026-07-12T02:51:52+00:00] SUBMITTED aquila_IV_s1234_tt0p7_a37 -> arn:aws:braket:us-east-1:<AWS-ACCOUNT-ID>:quantum-task/b56f90d0-cd8c-4f44-924c-01eaf4c7ce4d
[2026-07-12T02:51:52+00:00] SUBMITTED aquila_IV_s1234_tt0p7_a38 -> arn:aws:braket:us-east-1:<AWS-ACCOUNT-ID>:quantum-task/e4a248f8-5ccb-4a7b-97cd-0020841c082b
[2026-07-12T02:51:52+00:00] SUBMITTED aquila_IV_s1234_tt0p7_a39 -> arn:aws:braket:us-east-1:<AWS-ACCOUNT-ID>:quantum-task/a585a4d2-ce82-4d31-afd4-e83dbe5f3005
[2026-07-12T02:51:53+00:00] SUBMITTED aquila_IV_s1234_tt0p7_a40 -> arn:aws:braket:us-east-1:<AWS-ACCOUNT-ID>:quantum-task/25276cda-ed2b-44bf-9932-14631cedf71a
[2026-07-12T02:51:53+00:00] SUBMITTED aquila_IV_s1234_tt0p7_a41 -> arn:aws:braket:us-east-1:<AWS-ACCOUNT-ID>:quantum-task/07bec0fc-d20e-4217-aac4-5f6b4d8da58c
[2026-07-12T02:51:53+00:00] SUBMITTED aquila_IV_s1234_tt0p7_a42 -> arn:aws:braket:us-east-1:<AWS-ACCOUNT-ID>:quantum-task/0b6ec5f7-cf8c-4242-9b21-e7b9dedcb7cd
[2026-07-12T02:51:53+00:00] SUBMITTED aquila_IV_s1234_tt0p7_a43 -> arn:aws:braket:us-east-1:<AWS-ACCOUNT-ID>:quantum-task/a0de3607-31e8-49c8-9327-ca4c2441fd9f
[2026-07-12T02:51:53+00:00] SUBMITTED aquila_IV_s1234_tt0p7_a44 -> arn:aws:braket:us-east-1:<AWS-ACCOUNT-ID>:quantum-task/694c09f6-198d-4737-9c4f-a3b225992cdc
[2026-07-12T02:51:54+00:00] SUBMITTED aquila_IV_s1234_tt0p7_a45 -> arn:aws:braket:us-east-1:<AWS-ACCOUNT-ID>:quantum-task/8386c4d7-c1a9-48c9-876c-baef5af15e12
[2026-07-12T02:51:54+00:00] SUBMITTED aquila_IV_s1234_tt0p7_a46 -> arn:aws:braket:us-east-1:<AWS-ACCOUNT-ID>:quantum-task/25c7372d-9b98-476a-b2d8-e51a324f3988
[2026-07-12T02:51:54+00:00] SUBMITTED aquila_IV_s1234_tt0p7_a47 -> arn:aws:braket:us-east-1:<AWS-ACCOUNT-ID>:quantum-task/a590bd9f-76af-4f3d-a21d-cc6c43ec1d6a
[2026-07-12T02:51:55+00:00] SUBMITTED aquila_IV_s1234_tt0p7_a48 -> arn:aws:braket:us-east-1:<AWS-ACCOUNT-ID>:quantum-task/dbacacaa-8c13-4f9a-a4c1-fb72fcd41aa3
[2026-07-12T02:51:55+00:00] SUBMITTED aquila_IV_s1234_tt0p7_a49 -> arn:aws:braket:us-east-1:<AWS-ACCOUNT-ID>:quantum-task/88f29720-cf45-4bfe-bded-50e7b658c021
[2026-07-12T02:51:55+00:00] SUBMITTED aquila_IV_s1234_tt0p7_a50 -> arn:aws:braket:us-east-1:<AWS-ACCOUNT-ID>:quantum-task/c5835081-7995-400e-96f3-5f1e555ed9b1
[2026-07-12T02:51:55+00:00] SUBMITTED aquila_IV_s1234_tt0p7_a51 -> arn:aws:braket:us-east-1:<AWS-ACCOUNT-ID>:quantum-task/2b8a36d1-35c2-43f7-ac51-43d8fca69c1d
[2026-07-12T02:51:56+00:00] SUBMITTED aquila_IV_s1234_tt0p7_a52 -> arn:aws:braket:us-east-1:<AWS-ACCOUNT-ID>:quantum-task/2cf40ad1-511a-4c23-8b99-d403b331f9e3
[2026-07-12T02:51:56+00:00] SUBMITTED aquila_IV_s1234_tt0p7_a53 -> arn:aws:braket:us-east-1:<AWS-ACCOUNT-ID>:quantum-task/e2018326-1c09-4fa4-8675-b0ab96444378
[2026-07-12T02:51:56+00:00] SUBMITTED aquila_IV_s1234_tt0p7_a54 -> arn:aws:braket:us-east-1:<AWS-ACCOUNT-ID>:quantum-task/f0313507-dadb-459f-b2ff-02324ae434f5
[2026-07-12T02:51:56+00:00] SUBMITTED aquila_IV_s1234_tt0p7_a55 -> arn:aws:braket:us-east-1:<AWS-ACCOUNT-ID>:quantum-task/bc4aed3d-9537-45c2-9628-9691156bc58b
[2026-07-12T02:51:57+00:00] SUBMITTED aquila_IV_s1234_tt0p7_a56 -> arn:aws:braket:us-east-1:<AWS-ACCOUNT-ID>:quantum-task/28e0c222-7f9d-412f-98bf-31060f5a7852
[2026-07-12T02:51:57+00:00] SUBMITTED aquila_IV_s1234_tt0p7_a57 -> arn:aws:braket:us-east-1:<AWS-ACCOUNT-ID>:quantum-task/a762be79-9b3d-4410-a64d-f6838e2f052b
[2026-07-12T02:51:57+00:00] SUBMITTED aquila_IV_s1234_tt0p7_a58 -> arn:aws:braket:us-east-1:<AWS-ACCOUNT-ID>:quantum-task/73f65fa4-1cc2-44ee-9287-587c206334ac
[2026-07-12T02:51:57+00:00] SUBMITTED aquila_IV_s1234_tt0p7_a59 -> arn:aws:braket:us-east-1:<AWS-ACCOUNT-ID>:quantum-task/c36613f8-ee8c-4e80-8d63-516cb5818b0d
[2026-07-12T02:51:57+00:00] SUBMITTED aquila_IV_s1234_tt0p7_a60 -> arn:aws:braket:us-east-1:<AWS-ACCOUNT-ID>:quantum-task/4950dbe7-4195-4606-9862-0f66d9ac2901
[2026-07-12T02:51:58+00:00] SUBMITTED aquila_IV_s1234_tt0p7_a61 -> arn:aws:braket:us-east-1:<AWS-ACCOUNT-ID>:quantum-task/c0d40f73-d819-4062-87a4-fb2fc218642f
[2026-07-12T02:51:58+00:00] SUBMITTED aquila_IV_s1234_tt0p7_a62 -> arn:aws:braket:us-east-1:<AWS-ACCOUNT-ID>:quantum-task/153be702-2938-462c-99aa-3a440cda699f
[2026-07-12T02:51:58+00:00] SUBMITTED aquila_IV_s1234_tt0p7_a63 -> arn:aws:braket:us-east-1:<AWS-ACCOUNT-ID>:quantum-task/1e596b02-434b-4ba6-985f-6ab6188e55c0
[2026-07-12T02:51:58+00:00] SUBMITTED aquila_IV_s1234_tt0p7_a64 -> arn:aws:braket:us-east-1:<AWS-ACCOUNT-ID>:quantum-task/21b0c5de-7b0d-4adc-bfde-6be1b15eee3e
[2026-07-12T02:51:58+00:00] SUBMITTED aquila_IV_s1234_tt0p7_a65 -> arn:aws:braket:us-east-1:<AWS-ACCOUNT-ID>:quantum-task/3e69d11e-57d8-4285-a25c-5783e46054e6
[2026-07-12T02:51:59+00:00] SUBMITTED aquila_IV_s1234_tt1p8_a00 -> arn:aws:braket:us-east-1:<AWS-ACCOUNT-ID>:quantum-task/0a08a42b-d35f-4f51-816c-e9e9ebe30054
[2026-07-12T02:51:59+00:00] SUBMITTED aquila_IV_s1234_tt1p8_a01 -> arn:aws:braket:us-east-1:<AWS-ACCOUNT-ID>:quantum-task/253318c8-362a-49f5-86b1-43a6a698c2ae
[2026-07-12T02:51:59+00:00] SUBMITTED aquila_IV_s1234_tt1p8_a02 -> arn:aws:braket:us-east-1:<AWS-ACCOUNT-ID>:quantum-task/d6154d25-c15c-44c7-ad87-b89280ca3286
[2026-07-12T02:51:59+00:00] SUBMITTED aquila_IV_s1234_tt1p8_a03 -> arn:aws:braket:us-east-1:<AWS-ACCOUNT-ID>:quantum-task/58b3af47-8270-4fef-a26e-de0c02baff12
[2026-07-12T02:52:00+00:00] SUBMITTED aquila_IV_s1234_tt1p8_a04 -> arn:aws:braket:us-east-1:<AWS-ACCOUNT-ID>:quantum-task/e65487ee-e433-4607-bc0f-1a6a6bd2e835
[2026-07-12T02:52:00+00:00] SUBMITTED aquila_IV_s1234_tt1p8_a05 -> arn:aws:braket:us-east-1:<AWS-ACCOUNT-ID>:quantum-task/a944fc11-af7f-4c0b-93cd-d859662a5022
[2026-07-12T02:52:00+00:00] SUBMITTED aquila_IV_s1234_tt1p8_a06 -> arn:aws:braket:us-east-1:<AWS-ACCOUNT-ID>:quantum-task/97b5772d-cc1d-4e66-859d-0ade3ef11bc3
[2026-07-12T02:52:00+00:00] SUBMITTED aquila_IV_s1234_tt1p8_a07 -> arn:aws:braket:us-east-1:<AWS-ACCOUNT-ID>:quantum-task/83450fbc-b431-43f1-83a2-b456066a06cd
[2026-07-12T02:52:00+00:00] SUBMITTED aquila_IV_s1234_tt1p8_a08 -> arn:aws:braket:us-east-1:<AWS-ACCOUNT-ID>:quantum-task/628a74eb-4b6d-47f5-86e1-4ca83ec21708
[2026-07-12T02:52:01+00:00] SUBMITTED aquila_IV_s1234_tt1p8_a09 -> arn:aws:braket:us-east-1:<AWS-ACCOUNT-ID>:quantum-task/242b84a4-a7ec-4773-8e10-36b7a71a57ea
[2026-07-12T02:52:01+00:00] SUBMITTED aquila_IV_s1234_tt1p8_a10 -> arn:aws:braket:us-east-1:<AWS-ACCOUNT-ID>:quantum-task/4f5d996f-962f-4752-8e4c-17acf4660277
[2026-07-12T02:52:01+00:00] SUBMITTED aquila_IV_s1234_tt1p8_a11 -> arn:aws:braket:us-east-1:<AWS-ACCOUNT-ID>:quantum-task/452cc2b7-6529-41d6-9874-3c200f46a75b
[2026-07-12T02:52:01+00:00] SUBMITTED aquila_IV_s1234_tt1p8_a12 -> arn:aws:braket:us-east-1:<AWS-ACCOUNT-ID>:quantum-task/753010ab-9321-440d-ac1a-dfc97da7d592
[2026-07-12T02:52:02+00:00] SUBMITTED aquila_IV_s1234_tt1p8_a13 -> arn:aws:braket:us-east-1:<AWS-ACCOUNT-ID>:quantum-task/c095ad0c-8788-437c-b574-a44bc69c938a
[2026-07-12T02:52:02+00:00] SUBMITTED aquila_IV_s1234_tt1p8_a14 -> arn:aws:braket:us-east-1:<AWS-ACCOUNT-ID>:quantum-task/961156a3-873c-4db9-9cfd-e0d200aaa497
[2026-07-12T02:52:02+00:00] SUBMITTED aquila_IV_s1234_tt1p8_a15 -> arn:aws:braket:us-east-1:<AWS-ACCOUNT-ID>:quantum-task/926d47c6-b872-4cd2-9330-ae4c5284af09
[2026-07-12T02:52:02+00:00] SUBMITTED aquila_IV_s1234_tt1p8_a16 -> arn:aws:braket:us-east-1:<AWS-ACCOUNT-ID>:quantum-task/888e2b81-55a7-46cf-8618-75ea578fe7ef
[2026-07-12T02:52:03+00:00] SUBMITTED aquila_IV_s1234_tt1p8_a17 -> arn:aws:braket:us-east-1:<AWS-ACCOUNT-ID>:quantum-task/f9ac2d8f-a83d-4d98-850b-904127b9ec9b
[2026-07-12T02:52:03+00:00] SUBMITTED aquila_IV_s1234_tt1p8_a18 -> arn:aws:braket:us-east-1:<AWS-ACCOUNT-ID>:quantum-task/43acd3bf-21cd-4846-bc6d-d6191c3df596
[2026-07-12T02:52:03+00:00] SUBMITTED aquila_IV_s1234_tt1p8_a19 -> arn:aws:braket:us-east-1:<AWS-ACCOUNT-ID>:quantum-task/8939015d-e7ae-4abb-b2f7-21d19ee595f2
[2026-07-12T02:52:03+00:00] SUBMITTED aquila_IV_s1234_tt1p8_a20 -> arn:aws:braket:us-east-1:<AWS-ACCOUNT-ID>:quantum-task/2454b08f-c028-4349-8fec-674d5e535e86
[2026-07-12T02:52:04+00:00] SUBMITTED aquila_IV_s1234_tt1p8_a21 -> arn:aws:braket:us-east-1:<AWS-ACCOUNT-ID>:quantum-task/2eb50970-0911-40c0-94f9-018a8b014ffe
[2026-07-12T02:52:04+00:00] SUBMITTED aquila_IV_s1234_tt1p8_a22 -> arn:aws:braket:us-east-1:<AWS-ACCOUNT-ID>:quantum-task/633863e2-734c-48e9-aa18-7ede051a2672
[2026-07-12T02:52:04+00:00] SUBMITTED aquila_IV_s1234_tt1p8_a23 -> arn:aws:braket:us-east-1:<AWS-ACCOUNT-ID>:quantum-task/11b9a3a1-cc22-44c7-8e36-32b9c80b02d1
[2026-07-12T02:52:04+00:00] SUBMITTED aquila_IV_s1234_tt1p8_a24 -> arn:aws:braket:us-east-1:<AWS-ACCOUNT-ID>:quantum-task/4f761988-e8fb-43e6-ab7e-7b4574b8e60b
[2026-07-12T02:52:05+00:00] SUBMITTED aquila_IV_s1234_tt1p8_a25 -> arn:aws:braket:us-east-1:<AWS-ACCOUNT-ID>:quantum-task/2a1cf1f3-abfe-4ee6-a13b-693ab519fd31
[2026-07-12T02:52:05+00:00] SUBMITTED aquila_IV_s1234_tt1p8_a26 -> arn:aws:braket:us-east-1:<AWS-ACCOUNT-ID>:quantum-task/fe18e107-5ba8-4c4b-93d1-480ca7a23d70
[2026-07-12T02:52:05+00:00] SUBMITTED aquila_IV_s1234_tt1p8_a27 -> arn:aws:braket:us-east-1:<AWS-ACCOUNT-ID>:quantum-task/93415abf-9474-4855-ade4-818ed782c1bd
[2026-07-12T02:52:05+00:00] SUBMITTED aquila_IV_s1234_tt1p8_a28 -> arn:aws:braket:us-east-1:<AWS-ACCOUNT-ID>:quantum-task/f2b15fe5-5a3c-43fd-baef-c878f22d5421
[2026-07-12T02:52:05+00:00] SUBMITTED aquila_IV_s1234_tt1p8_a29 -> arn:aws:braket:us-east-1:<AWS-ACCOUNT-ID>:quantum-task/e6a5a2be-cd75-426a-9ba1-fae53e9ef34f
[2026-07-12T02:52:06+00:00] SUBMITTED aquila_IV_s1234_tt1p8_a30 -> arn:aws:braket:us-east-1:<AWS-ACCOUNT-ID>:quantum-task/ca3cdb07-2ab5-4b5a-b3a7-531cdb504870
[2026-07-12T02:52:06+00:00] SUBMITTED aquila_IV_s1234_tt1p8_a31 -> arn:aws:braket:us-east-1:<AWS-ACCOUNT-ID>:quantum-task/6ee49ce2-1bcd-4204-b163-e81d0091d21d
[2026-07-12T02:52:06+00:00] SUBMITTED aquila_IV_s1234_tt1p8_a32 -> arn:aws:braket:us-east-1:<AWS-ACCOUNT-ID>:quantum-task/1fd692cf-f534-4faf-8da9-a6dee3f49fd4
[2026-07-12T02:52:06+00:00] SUBMITTED aquila_IV_s1234_tt1p8_a33 -> arn:aws:braket:us-east-1:<AWS-ACCOUNT-ID>:quantum-task/ceff8f5c-b047-4a5a-ae60-0b30c670b963
[2026-07-12T02:52:07+00:00] SUBMITTED aquila_IV_s1234_tt1p8_a34 -> arn:aws:braket:us-east-1:<AWS-ACCOUNT-ID>:quantum-task/5cab521b-4469-4bee-ac77-33ae14ca2518
[2026-07-12T02:52:07+00:00] SUBMITTED aquila_IV_s1234_tt1p8_a35 -> arn:aws:braket:us-east-1:<AWS-ACCOUNT-ID>:quantum-task/306f89e5-3840-4a22-8de0-d574480d79fc
[2026-07-12T02:52:07+00:00] SUBMITTED aquila_IV_s1234_tt1p8_a36 -> arn:aws:braket:us-east-1:<AWS-ACCOUNT-ID>:quantum-task/09e40bfe-ed4a-4661-9497-83afd24ab734
[2026-07-12T02:52:07+00:00] SUBMITTED aquila_IV_s1234_tt1p8_a37 -> arn:aws:braket:us-east-1:<AWS-ACCOUNT-ID>:quantum-task/aaf9c59d-930d-4d5f-843c-19b612558863
[2026-07-12T02:52:07+00:00] SUBMITTED aquila_IV_s1234_tt1p8_a38 -> arn:aws:braket:us-east-1:<AWS-ACCOUNT-ID>:quantum-task/ed39a176-7038-420f-a7a8-09d3b193f79c
[2026-07-12T02:52:08+00:00] SUBMITTED aquila_IV_s1234_tt1p8_a39 -> arn:aws:braket:us-east-1:<AWS-ACCOUNT-ID>:quantum-task/cc962193-7d20-4563-a07b-bfb47bbda727
[2026-07-12T02:52:08+00:00] SUBMITTED aquila_IV_s1234_tt1p8_a40 -> arn:aws:braket:us-east-1:<AWS-ACCOUNT-ID>:quantum-task/dd1c1980-a82a-43a4-a2a1-c6c8a0df59a6
[2026-07-12T02:52:10+00:00] SUBMITTED aquila_IV_s1234_tt1p8_a41 -> arn:aws:braket:us-east-1:<AWS-ACCOUNT-ID>:quantum-task/2147b5e8-4bd7-44df-a0f7-5b90e116a0ed
[2026-07-12T02:52:10+00:00] SUBMITTED aquila_IV_s1234_tt1p8_a42 -> arn:aws:braket:us-east-1:<AWS-ACCOUNT-ID>:quantum-task/8dd208f4-f34a-46d6-acaf-5dfd36ac453f
[2026-07-12T02:52:10+00:00] SUBMITTED aquila_IV_s1234_tt1p8_a43 -> arn:aws:braket:us-east-1:<AWS-ACCOUNT-ID>:quantum-task/077d352d-f356-4c6a-bc85-2e2af897c11f
[2026-07-12T02:52:10+00:00] SUBMITTED aquila_IV_s1234_tt1p8_a44 -> arn:aws:braket:us-east-1:<AWS-ACCOUNT-ID>:quantum-task/c67b1e26-3cef-4b79-8cec-c7f8adcc93e6
[2026-07-12T02:52:10+00:00] SUBMITTED aquila_IV_s1234_tt1p8_a45 -> arn:aws:braket:us-east-1:<AWS-ACCOUNT-ID>:quantum-task/666dd812-0c69-42df-84cb-8b1afca882e2
[2026-07-12T02:52:11+00:00] SUBMITTED aquila_IV_s1234_tt1p8_a46 -> arn:aws:braket:us-east-1:<AWS-ACCOUNT-ID>:quantum-task/33a2224a-8743-456a-a3d1-a7c0de5f5a4b
[2026-07-12T02:52:11+00:00] SUBMITTED aquila_IV_s1234_tt1p8_a47 -> arn:aws:braket:us-east-1:<AWS-ACCOUNT-ID>:quantum-task/cbd5dcab-5da2-48da-a397-d490c0f075d5
[2026-07-12T02:52:11+00:00] SUBMITTED aquila_IV_s1234_tt1p8_a48 -> arn:aws:braket:us-east-1:<AWS-ACCOUNT-ID>:quantum-task/06e492b2-2b39-44c5-b63b-f73c1f3e986f
[2026-07-12T02:52:11+00:00] SUBMITTED aquila_IV_s1234_tt1p8_a49 -> arn:aws:braket:us-east-1:<AWS-ACCOUNT-ID>:quantum-task/ed442a7b-ad0c-4e2f-9f24-879adbdf6c90
[2026-07-12T02:52:12+00:00] SUBMITTED aquila_IV_s1234_tt1p8_a50 -> arn:aws:braket:us-east-1:<AWS-ACCOUNT-ID>:quantum-task/5ac5380e-a068-457e-a876-6a5e5c5ccfed
[2026-07-12T02:52:12+00:00] SUBMITTED aquila_IV_s1234_tt1p8_a51 -> arn:aws:braket:us-east-1:<AWS-ACCOUNT-ID>:quantum-task/4e884509-45ae-414c-bae5-0c74f05f149e
[2026-07-12T02:52:12+00:00] SUBMITTED aquila_IV_s1234_tt1p8_a52 -> arn:aws:braket:us-east-1:<AWS-ACCOUNT-ID>:quantum-task/151797e5-ba17-4712-8bb8-2c48b1ad842b
[2026-07-12T02:52:12+00:00] SUBMITTED aquila_IV_s1234_tt1p8_a53 -> arn:aws:braket:us-east-1:<AWS-ACCOUNT-ID>:quantum-task/6e911cdd-3e7d-4ce3-91cb-ca06f9dcc9ad
[2026-07-12T02:52:12+00:00] SUBMITTED aquila_IV_s1234_tt1p8_a54 -> arn:aws:braket:us-east-1:<AWS-ACCOUNT-ID>:quantum-task/a08b9ab1-a886-4e39-b7b3-132f997e7e6a
[2026-07-12T02:52:13+00:00] SUBMITTED aquila_IV_s1234_tt1p8_a55 -> arn:aws:braket:us-east-1:<AWS-ACCOUNT-ID>:quantum-task/4d741ead-6068-43d6-8eb5-88087eadcb87
[2026-07-12T02:52:13+00:00] SUBMITTED aquila_IV_s1234_tt1p8_a56 -> arn:aws:braket:us-east-1:<AWS-ACCOUNT-ID>:quantum-task/a2ea8620-c9cb-485b-8a4c-9c35774cd5ee
[2026-07-12T02:52:13+00:00] SUBMITTED aquila_IV_s1234_tt1p8_a57 -> arn:aws:braket:us-east-1:<AWS-ACCOUNT-ID>:quantum-task/86cf3eaf-e1e3-4683-ad7e-7695ff5386d4
[2026-07-12T02:52:13+00:00] SUBMITTED aquila_IV_s1234_tt1p8_a58 -> arn:aws:braket:us-east-1:<AWS-ACCOUNT-ID>:quantum-task/50254e32-8cd9-48d8-9cd1-c3df3302bec3
[2026-07-12T02:52:13+00:00] SUBMITTED aquila_IV_s1234_tt1p8_a59 -> arn:aws:braket:us-east-1:<AWS-ACCOUNT-ID>:quantum-task/60960d68-67ea-4d9b-8bf4-8205511c4bb5
[2026-07-12T02:52:14+00:00] SUBMITTED aquila_IV_s1234_tt1p8_a60 -> arn:aws:braket:us-east-1:<AWS-ACCOUNT-ID>:quantum-task/474b4887-a853-444d-baea-57d12d0e8e75
[2026-07-12T02:52:14+00:00] SUBMITTED aquila_IV_s1234_tt1p8_a61 -> arn:aws:braket:us-east-1:<AWS-ACCOUNT-ID>:quantum-task/07c11c3e-b113-469b-84db-ccc6fc23b82c
[2026-07-12T02:52:14+00:00] SUBMITTED aquila_IV_s1234_tt1p8_a62 -> arn:aws:braket:us-east-1:<AWS-ACCOUNT-ID>:quantum-task/bafe0e22-ab92-4ad8-8310-5bfd2400d022
[2026-07-12T02:52:14+00:00] SUBMITTED aquila_IV_s1234_tt1p8_a63 -> arn:aws:braket:us-east-1:<AWS-ACCOUNT-ID>:quantum-task/fed9aaa1-a705-4529-8158-85aba099b2c6
[2026-07-12T02:52:14+00:00] SUBMITTED aquila_IV_s1234_tt1p8_a64 -> arn:aws:braket:us-east-1:<AWS-ACCOUNT-ID>:quantum-task/d9135088-09da-4172-af38-c770fabbd86c
[2026-07-12T02:52:15+00:00] SUBMITTED aquila_IV_s1234_tt1p8_a65 -> arn:aws:braket:us-east-1:<AWS-ACCOUNT-ID>:quantum-task/dbdfb52e-6020-4a1c-98f5-47723704fd14
[2026-07-12T02:52:15+00:00] FIN real: enviadas 198, saltadas (ya existentes) 0, fallidas 0, total esperado 198, t=46s
[2026-07-12T06:57:29+00:00] Tareas pendientes de descarga: 198
[2026-07-12T06:57:29+00:00] DONE   aquila_IV_s1234_tt0p5_a00
[2026-07-12T06:57:30+00:00] DONE   aquila_IV_s1234_tt0p5_a01
[2026-07-12T06:57:30+00:00] DONE   aquila_IV_s1234_tt0p5_a02
[2026-07-12T06:57:31+00:00] DONE   aquila_IV_s1234_tt0p5_a03
[2026-07-12T06:57:31+00:00] DONE   aquila_IV_s1234_tt0p5_a04
[2026-07-12T06:57:32+00:00] DONE   aquila_IV_s1234_tt0p5_a05
[2026-07-12T06:57:32+00:00] DONE   aquila_IV_s1234_tt0p5_a06
[2026-07-12T06:57:33+00:00] DONE   aquila_IV_s1234_tt0p5_a07
[2026-07-12T06:57:33+00:00] DONE   aquila_IV_s1234_tt0p5_a08
[2026-07-12T06:57:34+00:00] DONE   aquila_IV_s1234_tt0p5_a09
[2026-07-12T06:57:35+00:00] DONE   aquila_IV_s1234_tt0p5_a10
[2026-07-12T06:57:35+00:00] DONE   aquila_IV_s1234_tt0p5_a11
[2026-07-12T06:57:36+00:00] DONE   aquila_IV_s1234_tt0p5_a12
[2026-07-12T06:57:36+00:00] FAILED aquila_IV_s1234_tt0p5_a13 — documentar; reintentar solo esta tarea si procede (contingencia)
[2026-07-12T06:57:36+00:00] DONE   aquila_IV_s1234_tt0p5_a14
[2026-07-12T06:57:37+00:00] DONE   aquila_IV_s1234_tt0p5_a15
[2026-07-12T06:57:37+00:00] DONE   aquila_IV_s1234_tt0p5_a16
[2026-07-12T06:57:38+00:00] DONE   aquila_IV_s1234_tt0p5_a17
[2026-07-12T06:57:38+00:00] DONE   aquila_IV_s1234_tt0p5_a18
[2026-07-12T06:57:39+00:00] DONE   aquila_IV_s1234_tt0p5_a19
[2026-07-12T06:57:40+00:00] DONE   aquila_IV_s1234_tt0p5_a20
[2026-07-12T06:57:40+00:00] DONE   aquila_IV_s1234_tt0p5_a21
[2026-07-12T06:57:41+00:00] DONE   aquila_IV_s1234_tt0p5_a22
[2026-07-12T06:57:41+00:00] DONE   aquila_IV_s1234_tt0p5_a23
[2026-07-12T06:57:42+00:00] DONE   aquila_IV_s1234_tt0p5_a24
[2026-07-12T06:57:42+00:00] DONE   aquila_IV_s1234_tt0p5_a25
[2026-07-12T06:57:43+00:00] DONE   aquila_IV_s1234_tt0p5_a26
[2026-07-12T06:57:44+00:00] DONE   aquila_IV_s1234_tt0p5_a27
[2026-07-12T06:57:44+00:00] DONE   aquila_IV_s1234_tt0p5_a28
[2026-07-12T06:57:45+00:00] DONE   aquila_IV_s1234_tt0p5_a29
[2026-07-12T06:57:45+00:00] DONE   aquila_IV_s1234_tt0p5_a30
[2026-07-12T06:57:46+00:00] DONE   aquila_IV_s1234_tt0p5_a31
[2026-07-12T06:57:46+00:00] DONE   aquila_IV_s1234_tt0p5_a32
[2026-07-12T06:57:47+00:00] DONE   aquila_IV_s1234_tt0p5_a33
[2026-07-12T06:57:47+00:00] DONE   aquila_IV_s1234_tt0p5_a34
[2026-07-12T06:57:48+00:00] DONE   aquila_IV_s1234_tt0p5_a35
[2026-07-12T06:57:49+00:00] DONE   aquila_IV_s1234_tt0p5_a36
[2026-07-12T06:57:49+00:00] DONE   aquila_IV_s1234_tt0p5_a37
[2026-07-12T06:57:50+00:00] DONE   aquila_IV_s1234_tt0p5_a38
[2026-07-12T06:57:50+00:00] DONE   aquila_IV_s1234_tt0p5_a39
[2026-07-12T06:57:51+00:00] DONE   aquila_IV_s1234_tt0p5_a40
[2026-07-12T06:57:52+00:00] DONE   aquila_IV_s1234_tt0p5_a41
[2026-07-12T06:57:52+00:00] DONE   aquila_IV_s1234_tt0p5_a42
[2026-07-12T06:57:53+00:00] DONE   aquila_IV_s1234_tt0p5_a43
[2026-07-12T06:57:53+00:00] DONE   aquila_IV_s1234_tt0p5_a44
[2026-07-12T06:57:54+00:00] DONE   aquila_IV_s1234_tt0p5_a45
[2026-07-12T06:57:54+00:00] DONE   aquila_IV_s1234_tt0p5_a46
[2026-07-12T06:57:55+00:00] DONE   aquila_IV_s1234_tt0p5_a47
[2026-07-12T06:57:56+00:00] DONE   aquila_IV_s1234_tt0p5_a48
[2026-07-12T06:57:56+00:00] DONE   aquila_IV_s1234_tt0p5_a49
[2026-07-12T06:57:57+00:00] DONE   aquila_IV_s1234_tt0p5_a50
[2026-07-12T06:57:57+00:00] DONE   aquila_IV_s1234_tt0p5_a51
[2026-07-12T06:57:58+00:00] DONE   aquila_IV_s1234_tt0p5_a52
[2026-07-12T06:57:58+00:00] DONE   aquila_IV_s1234_tt0p5_a53
[2026-07-12T06:57:59+00:00] DONE   aquila_IV_s1234_tt0p5_a54
[2026-07-12T06:58:00+00:00] DONE   aquila_IV_s1234_tt0p5_a55
[2026-07-12T06:58:00+00:00] DONE   aquila_IV_s1234_tt0p5_a56
[2026-07-12T06:58:01+00:00] DONE   aquila_IV_s1234_tt0p5_a57
[2026-07-12T06:58:02+00:00] DONE   aquila_IV_s1234_tt0p5_a58
[2026-07-12T06:58:03+00:00] DONE   aquila_IV_s1234_tt0p5_a59
[2026-07-12T06:58:04+00:00] DONE   aquila_IV_s1234_tt0p5_a60
[2026-07-12T06:58:04+00:00] DONE   aquila_IV_s1234_tt0p5_a61
[2026-07-12T06:58:05+00:00] DONE   aquila_IV_s1234_tt0p5_a62
[2026-07-12T06:58:06+00:00] DONE   aquila_IV_s1234_tt0p5_a63
[2026-07-12T06:58:06+00:00] DONE   aquila_IV_s1234_tt0p5_a64
[2026-07-12T06:58:06+00:00] DONE   aquila_IV_s1234_tt0p5_a65
[2026-07-12T06:58:07+00:00] DONE   aquila_IV_s1234_tt0p7_a00
[2026-07-12T06:58:08+00:00] DONE   aquila_IV_s1234_tt0p7_a01
[2026-07-12T06:58:08+00:00] DONE   aquila_IV_s1234_tt0p7_a02
[2026-07-12T06:58:09+00:00] DONE   aquila_IV_s1234_tt0p7_a03
[2026-07-12T06:58:10+00:00] DONE   aquila_IV_s1234_tt0p7_a04
[2026-07-12T06:58:10+00:00] DONE   aquila_IV_s1234_tt0p7_a05
[2026-07-12T06:58:11+00:00] DONE   aquila_IV_s1234_tt0p7_a06
[2026-07-12T06:58:11+00:00] DONE   aquila_IV_s1234_tt0p7_a07
[2026-07-12T06:58:12+00:00] DONE   aquila_IV_s1234_tt0p7_a08
[2026-07-12T06:58:13+00:00] DONE   aquila_IV_s1234_tt0p7_a09
[2026-07-12T06:58:13+00:00] DONE   aquila_IV_s1234_tt0p7_a10
[2026-07-12T06:58:14+00:00] DONE   aquila_IV_s1234_tt0p7_a11
[2026-07-12T06:58:14+00:00] DONE   aquila_IV_s1234_tt0p7_a12
[2026-07-12T06:58:15+00:00] DONE   aquila_IV_s1234_tt0p7_a13
[2026-07-12T06:58:15+00:00] DONE   aquila_IV_s1234_tt0p7_a14
[2026-07-12T06:58:16+00:00] DONE   aquila_IV_s1234_tt0p7_a15
[2026-07-12T06:58:16+00:00] DONE   aquila_IV_s1234_tt0p7_a16
[2026-07-12T06:58:17+00:00] DONE   aquila_IV_s1234_tt0p7_a17
[2026-07-12T06:58:18+00:00] DONE   aquila_IV_s1234_tt0p7_a18
[2026-07-12T06:58:18+00:00] DONE   aquila_IV_s1234_tt0p7_a19
[2026-07-12T06:58:19+00:00] DONE   aquila_IV_s1234_tt0p7_a20
[2026-07-12T06:58:19+00:00] DONE   aquila_IV_s1234_tt0p7_a21
[2026-07-12T06:58:20+00:00] DONE   aquila_IV_s1234_tt0p7_a22
[2026-07-12T06:58:20+00:00] DONE   aquila_IV_s1234_tt0p7_a23
[2026-07-12T06:58:21+00:00] DONE   aquila_IV_s1234_tt0p7_a24
[2026-07-12T06:58:22+00:00] DONE   aquila_IV_s1234_tt0p7_a25
[2026-07-12T06:58:22+00:00] DONE   aquila_IV_s1234_tt0p7_a26
[2026-07-12T06:58:23+00:00] DONE   aquila_IV_s1234_tt0p7_a27
[2026-07-12T06:58:23+00:00] DONE   aquila_IV_s1234_tt0p7_a28
[2026-07-12T06:58:24+00:00] DONE   aquila_IV_s1234_tt0p7_a29
[2026-07-12T06:58:24+00:00] DONE   aquila_IV_s1234_tt0p7_a30
[2026-07-12T06:58:25+00:00] DONE   aquila_IV_s1234_tt0p7_a31
[2026-07-12T06:58:25+00:00] DONE   aquila_IV_s1234_tt0p7_a32
[2026-07-12T06:58:26+00:00] DONE   aquila_IV_s1234_tt0p7_a33
[2026-07-12T06:58:26+00:00] DONE   aquila_IV_s1234_tt0p7_a34
[2026-07-12T06:58:27+00:00] DONE   aquila_IV_s1234_tt0p7_a35
[2026-07-12T06:58:27+00:00] DONE   aquila_IV_s1234_tt0p7_a36
[2026-07-12T06:58:28+00:00] DONE   aquila_IV_s1234_tt0p7_a37
[2026-07-12T06:58:28+00:00] DONE   aquila_IV_s1234_tt0p7_a38
[2026-07-12T06:58:29+00:00] DONE   aquila_IV_s1234_tt0p7_a39
[2026-07-12T06:58:30+00:00] DONE   aquila_IV_s1234_tt0p7_a40
[2026-07-12T06:58:30+00:00] DONE   aquila_IV_s1234_tt0p7_a41
[2026-07-12T06:58:31+00:00] DONE   aquila_IV_s1234_tt0p7_a42
[2026-07-12T06:58:31+00:00] DONE   aquila_IV_s1234_tt0p7_a43
[2026-07-12T06:58:32+00:00] DONE   aquila_IV_s1234_tt0p7_a44
[2026-07-12T06:58:32+00:00] DONE   aquila_IV_s1234_tt0p7_a45
[2026-07-12T06:58:33+00:00] DONE   aquila_IV_s1234_tt0p7_a46
[2026-07-12T06:58:34+00:00] DONE   aquila_IV_s1234_tt0p7_a47
[2026-07-12T06:58:34+00:00] DONE   aquila_IV_s1234_tt0p7_a48
[2026-07-12T06:58:35+00:00] DONE   aquila_IV_s1234_tt0p7_a49
[2026-07-12T06:58:35+00:00] DONE   aquila_IV_s1234_tt0p7_a50
[2026-07-12T06:58:36+00:00] DONE   aquila_IV_s1234_tt0p7_a51
[2026-07-12T06:58:36+00:00] DONE   aquila_IV_s1234_tt0p7_a52
[2026-07-12T06:58:37+00:00] DONE   aquila_IV_s1234_tt0p7_a53
[2026-07-12T06:58:37+00:00] DONE   aquila_IV_s1234_tt0p7_a54
[2026-07-12T06:58:38+00:00] DONE   aquila_IV_s1234_tt0p7_a55
[2026-07-12T06:58:38+00:00] DONE   aquila_IV_s1234_tt0p7_a56
[2026-07-12T06:58:39+00:00] DONE   aquila_IV_s1234_tt0p7_a57
[2026-07-12T06:58:39+00:00] DONE   aquila_IV_s1234_tt0p7_a58
[2026-07-12T06:58:40+00:00] DONE   aquila_IV_s1234_tt0p7_a59
[2026-07-12T06:58:41+00:00] DONE   aquila_IV_s1234_tt0p7_a60
[2026-07-12T06:58:41+00:00] DONE   aquila_IV_s1234_tt0p7_a61
[2026-07-12T06:58:42+00:00] DONE   aquila_IV_s1234_tt0p7_a62
[2026-07-12T06:58:42+00:00] DONE   aquila_IV_s1234_tt0p7_a63
[2026-07-12T06:58:43+00:00] DONE   aquila_IV_s1234_tt0p7_a64
[2026-07-12T06:58:43+00:00] DONE   aquila_IV_s1234_tt0p7_a65
[2026-07-12T06:58:44+00:00] DONE   aquila_IV_s1234_tt1p8_a00
[2026-07-12T06:58:44+00:00] DONE   aquila_IV_s1234_tt1p8_a01
[2026-07-12T06:58:45+00:00] DONE   aquila_IV_s1234_tt1p8_a02
[2026-07-12T06:58:46+00:00] DONE   aquila_IV_s1234_tt1p8_a03
[2026-07-12T06:58:46+00:00] DONE   aquila_IV_s1234_tt1p8_a04
[2026-07-12T06:58:47+00:00] DONE   aquila_IV_s1234_tt1p8_a05
[2026-07-12T06:58:48+00:00] DONE   aquila_IV_s1234_tt1p8_a06
[2026-07-12T06:58:48+00:00] DONE   aquila_IV_s1234_tt1p8_a07
[2026-07-12T06:58:49+00:00] DONE   aquila_IV_s1234_tt1p8_a08
[2026-07-12T06:58:49+00:00] DONE   aquila_IV_s1234_tt1p8_a09
[2026-07-12T06:58:50+00:00] DONE   aquila_IV_s1234_tt1p8_a10
[2026-07-12T06:58:50+00:00] DONE   aquila_IV_s1234_tt1p8_a11
[2026-07-12T06:58:51+00:00] DONE   aquila_IV_s1234_tt1p8_a12
[2026-07-12T06:58:51+00:00] DONE   aquila_IV_s1234_tt1p8_a13
[2026-07-12T06:58:52+00:00] DONE   aquila_IV_s1234_tt1p8_a14
[2026-07-12T06:58:53+00:00] DONE   aquila_IV_s1234_tt1p8_a15
[2026-07-12T06:58:53+00:00] DONE   aquila_IV_s1234_tt1p8_a16
[2026-07-12T06:58:54+00:00] DONE   aquila_IV_s1234_tt1p8_a17
[2026-07-12T06:58:54+00:00] DONE   aquila_IV_s1234_tt1p8_a18
[2026-07-12T06:58:55+00:00] DONE   aquila_IV_s1234_tt1p8_a19
[2026-07-12T06:58:55+00:00] DONE   aquila_IV_s1234_tt1p8_a20
[2026-07-12T06:58:56+00:00] DONE   aquila_IV_s1234_tt1p8_a21
[2026-07-12T06:58:57+00:00] DONE   aquila_IV_s1234_tt1p8_a22
[2026-07-12T06:58:57+00:00] DONE   aquila_IV_s1234_tt1p8_a23
[2026-07-12T06:58:58+00:00] DONE   aquila_IV_s1234_tt1p8_a24
[2026-07-12T06:58:58+00:00] DONE   aquila_IV_s1234_tt1p8_a25
[2026-07-12T06:58:59+00:00] DONE   aquila_IV_s1234_tt1p8_a26
[2026-07-12T06:58:59+00:00] DONE   aquila_IV_s1234_tt1p8_a27
[2026-07-12T06:59:00+00:00] DONE   aquila_IV_s1234_tt1p8_a28
[2026-07-12T06:59:01+00:00] DONE   aquila_IV_s1234_tt1p8_a29
[2026-07-12T06:59:02+00:00] DONE   aquila_IV_s1234_tt1p8_a30
[2026-07-12T06:59:03+00:00] DONE   aquila_IV_s1234_tt1p8_a31
[2026-07-12T06:59:04+00:00] DONE   aquila_IV_s1234_tt1p8_a32
[2026-07-12T06:59:04+00:00] DONE   aquila_IV_s1234_tt1p8_a33
[2026-07-12T06:59:05+00:00] DONE   aquila_IV_s1234_tt1p8_a34
[2026-07-12T06:59:06+00:00] DONE   aquila_IV_s1234_tt1p8_a35
[2026-07-12T06:59:06+00:00] DONE   aquila_IV_s1234_tt1p8_a36
[2026-07-12T06:59:07+00:00] DONE   aquila_IV_s1234_tt1p8_a37
[2026-07-12T06:59:07+00:00] DONE   aquila_IV_s1234_tt1p8_a38
[2026-07-12T06:59:08+00:00] DONE   aquila_IV_s1234_tt1p8_a39
[2026-07-12T06:59:08+00:00] DONE   aquila_IV_s1234_tt1p8_a40
[2026-07-12T06:59:09+00:00] DONE   aquila_IV_s1234_tt1p8_a41
[2026-07-12T06:59:10+00:00] DONE   aquila_IV_s1234_tt1p8_a42
[2026-07-12T06:59:10+00:00] DONE   aquila_IV_s1234_tt1p8_a43
[2026-07-12T06:59:11+00:00] DONE   aquila_IV_s1234_tt1p8_a44
[2026-07-12T06:59:11+00:00] DONE   aquila_IV_s1234_tt1p8_a45
[2026-07-12T06:59:12+00:00] DONE   aquila_IV_s1234_tt1p8_a46
[2026-07-12T06:59:12+00:00] DONE   aquila_IV_s1234_tt1p8_a47
[2026-07-12T06:59:13+00:00] DONE   aquila_IV_s1234_tt1p8_a48
[2026-07-12T06:59:13+00:00] DONE   aquila_IV_s1234_tt1p8_a49
[2026-07-12T06:59:14+00:00] DONE   aquila_IV_s1234_tt1p8_a50
[2026-07-12T06:59:15+00:00] DONE   aquila_IV_s1234_tt1p8_a51
[2026-07-12T06:59:15+00:00] DONE   aquila_IV_s1234_tt1p8_a52
[2026-07-12T06:59:16+00:00] DONE   aquila_IV_s1234_tt1p8_a53
[2026-07-12T06:59:16+00:00] DONE   aquila_IV_s1234_tt1p8_a54
[2026-07-12T06:59:17+00:00] DONE   aquila_IV_s1234_tt1p8_a55
[2026-07-12T06:59:17+00:00] DONE   aquila_IV_s1234_tt1p8_a56
[2026-07-12T06:59:18+00:00] DONE   aquila_IV_s1234_tt1p8_a57
[2026-07-12T06:59:18+00:00] DONE   aquila_IV_s1234_tt1p8_a58
[2026-07-12T06:59:19+00:00] DONE   aquila_IV_s1234_tt1p8_a59
[2026-07-12T06:59:20+00:00] DONE   aquila_IV_s1234_tt1p8_a60
[2026-07-12T06:59:20+00:00] DONE   aquila_IV_s1234_tt1p8_a61
[2026-07-12T06:59:21+00:00] DONE   aquila_IV_s1234_tt1p8_a62
[2026-07-12T06:59:21+00:00] DONE   aquila_IV_s1234_tt1p8_a63
[2026-07-12T06:59:22+00:00] DONE   aquila_IV_s1234_tt1p8_a64
[2026-07-12T06:59:22+00:00] DONE   aquila_IV_s1234_tt1p8_a65
[2026-07-12T06:59:22+00:00] Descarga completa.
